MPLINK 4.49, Linker
Linker Map File - Created Fri Mar 19 22:35:33 2021

                                 Section Info
                  Section       Type    Address   Location Size(Bytes)
                ---------  ---------  ---------  ---------  ---------
                   .org_0       code   0x000000    program   0x000000
                   .org_1       code   0x000000    program   0x000002
                   .org_2       code   0x000004    program   0x0000cc
  .config_2007_LCD4BITS.O       code   0x002007    program   0x000002



                              Program Memory Usage 
                               Start         End      
                           ---------   ---------      
                            0x000000    0x000000      
                            0x000004    0x000069      
                            0x002007    0x002007      
            104 out of 2182 program addresses used, program memory utilization is 4%



                              Symbols - Sorted by Name
                     Name    Address   Location    Storage File                     
                ---------  ---------  ---------  --------- ---------                
                   _500ms   0x000055    program     static C:\You Tube - Meu Canal\06 Vídeo Aula Engenharia Eletrônica\Vídeo Aula 301 a 400 __ FASE 4\Vídeo Aula 372 - LCD 4 bits com PIC Assembly sem Biblioteca __ 02-04-2021\vAula372_WR_Files\lcd4bits.asm
                   _600us   0x000065    program     static C:\You Tube - Meu Canal\06 Vídeo Aula Engenharia Eletrônica\Vídeo Aula 301 a 400 __ FASE 4\Vídeo Aula 372 - LCD 4 bits com PIC Assembly sem Biblioteca __ 02-04-2021\vAula372_WR_Files\lcd4bits.asm
                  a500ms1   0x000057    program     static C:\You Tube - Meu Canal\06 Vídeo Aula Engenharia Eletrônica\Vídeo Aula 301 a 400 __ FASE 4\Vídeo Aula 372 - LCD 4 bits com PIC Assembly sem Biblioteca __ 02-04-2021\vAula372_WR_Files\lcd4bits.asm
                  a500ms2   0x000059    program     static C:\You Tube - Meu Canal\06 Vídeo Aula Engenharia Eletrônica\Vídeo Aula 301 a 400 __ FASE 4\Vídeo Aula 372 - LCD 4 bits com PIC Assembly sem Biblioteca __ 02-04-2021\vAula372_WR_Files\lcd4bits.asm
                   a600us   0x000067    program     static C:\You Tube - Meu Canal\06 Vídeo Aula Engenharia Eletrônica\Vídeo Aula 301 a 400 __ FASE 4\Vídeo Aula 372 - LCD 4 bits com PIC Assembly sem Biblioteca __ 02-04-2021\vAula372_WR_Files\lcd4bits.asm
                   inicio   0x000005    program     static C:\You Tube - Meu Canal\06 Vídeo Aula Engenharia Eletrônica\Vídeo Aula 301 a 400 __ FASE 4\Vídeo Aula 372 - LCD 4 bits com PIC Assembly sem Biblioteca __ 02-04-2021\vAula372_WR_Files\lcd4bits.asm
                lcd_clear   0x000045    program     static C:\You Tube - Meu Canal\06 Vídeo Aula Engenharia Eletrônica\Vídeo Aula 301 a 400 __ FASE 4\Vídeo Aula 372 - LCD 4 bits com PIC Assembly sem Biblioteca __ 02-04-2021\vAula372_WR_Files\lcd4bits.asm
                  lcd_cmd   0x000022    program     static C:\You Tube - Meu Canal\06 Vídeo Aula Engenharia Eletrônica\Vídeo Aula 301 a 400 __ FASE 4\Vídeo Aula 372 - LCD 4 bits com PIC Assembly sem Biblioteca __ 02-04-2021\vAula372_WR_Files\lcd4bits.asm
                 lcd_init   0x000037    program     static C:\You Tube - Meu Canal\06 Vídeo Aula Engenharia Eletrônica\Vídeo Aula 301 a 400 __ FASE 4\Vídeo Aula 372 - LCD 4 bits com PIC Assembly sem Biblioteca __ 02-04-2021\vAula372_WR_Files\lcd4bits.asm
                lcd_write   0x000028    program     static C:\You Tube - Meu Canal\06 Vídeo Aula Engenharia Eletrônica\Vídeo Aula 301 a 400 __ FASE 4\Vídeo Aula 372 - LCD 4 bits com PIC Assembly sem Biblioteca __ 02-04-2021\vAula372_WR_Files\lcd4bits.asm
                     loop   0x00000d    program     static C:\You Tube - Meu Canal\06 Vídeo Aula Engenharia Eletrônica\Vídeo Aula 301 a 400 __ FASE 4\Vídeo Aula 372 - LCD 4 bits com PIC Assembly sem Biblioteca __ 02-04-2021\vAula372_WR_Files\lcd4bits.asm
                 pulse_en   0x00004e    program     static C:\You Tube - Meu Canal\06 Vídeo Aula Engenharia Eletrônica\Vídeo Aula 301 a 400 __ FASE 4\Vídeo Aula 372 - LCD 4 bits com PIC Assembly sem Biblioteca __ 02-04-2021\vAula372_WR_Files\lcd4bits.asm



                              Symbols - Sorted by Address
                     Name    Address   Location    Storage File                     
                ---------  ---------  ---------  --------- ---------                
                   inicio   0x000005    program     static C:\You Tube - Meu Canal\06 Vídeo Aula Engenharia Eletrônica\Vídeo Aula 301 a 400 __ FASE 4\Vídeo Aula 372 - LCD 4 bits com PIC Assembly sem Biblioteca __ 02-04-2021\vAula372_WR_Files\lcd4bits.asm
                     loop   0x00000d    program     static C:\You Tube - Meu Canal\06 Vídeo Aula Engenharia Eletrônica\Vídeo Aula 301 a 400 __ FASE 4\Vídeo Aula 372 - LCD 4 bits com PIC Assembly sem Biblioteca __ 02-04-2021\vAula372_WR_Files\lcd4bits.asm
                  lcd_cmd   0x000022    program     static C:\You Tube - Meu Canal\06 Vídeo Aula Engenharia Eletrônica\Vídeo Aula 301 a 400 __ FASE 4\Vídeo Aula 372 - LCD 4 bits com PIC Assembly sem Biblioteca __ 02-04-2021\vAula372_WR_Files\lcd4bits.asm
                lcd_write   0x000028    program     static C:\You Tube - Meu Canal\06 Vídeo Aula Engenharia Eletrônica\Vídeo Aula 301 a 400 __ FASE 4\Vídeo Aula 372 - LCD 4 bits com PIC Assembly sem Biblioteca __ 02-04-2021\vAula372_WR_Files\lcd4bits.asm
                 lcd_init   0x000037    program     static C:\You Tube - Meu Canal\06 Vídeo Aula Engenharia Eletrônica\Vídeo Aula 301 a 400 __ FASE 4\Vídeo Aula 372 - LCD 4 bits com PIC Assembly sem Biblioteca __ 02-04-2021\vAula372_WR_Files\lcd4bits.asm
                lcd_clear   0x000045    program     static C:\You Tube - Meu Canal\06 Vídeo Aula Engenharia Eletrônica\Vídeo Aula 301 a 400 __ FASE 4\Vídeo Aula 372 - LCD 4 bits com PIC Assembly sem Biblioteca __ 02-04-2021\vAula372_WR_Files\lcd4bits.asm
                 pulse_en   0x00004e    program     static C:\You Tube - Meu Canal\06 Vídeo Aula Engenharia Eletrônica\Vídeo Aula 301 a 400 __ FASE 4\Vídeo Aula 372 - LCD 4 bits com PIC Assembly sem Biblioteca __ 02-04-2021\vAula372_WR_Files\lcd4bits.asm
                   _500ms   0x000055    program     static C:\You Tube - Meu Canal\06 Vídeo Aula Engenharia Eletrônica\Vídeo Aula 301 a 400 __ FASE 4\Vídeo Aula 372 - LCD 4 bits com PIC Assembly sem Biblioteca __ 02-04-2021\vAula372_WR_Files\lcd4bits.asm
                  a500ms1   0x000057    program     static C:\You Tube - Meu Canal\06 Vídeo Aula Engenharia Eletrônica\Vídeo Aula 301 a 400 __ FASE 4\Vídeo Aula 372 - LCD 4 bits com PIC Assembly sem Biblioteca __ 02-04-2021\vAula372_WR_Files\lcd4bits.asm
                  a500ms2   0x000059    program     static C:\You Tube - Meu Canal\06 Vídeo Aula Engenharia Eletrônica\Vídeo Aula 301 a 400 __ FASE 4\Vídeo Aula 372 - LCD 4 bits com PIC Assembly sem Biblioteca __ 02-04-2021\vAula372_WR_Files\lcd4bits.asm
                   _600us   0x000065    program     static C:\You Tube - Meu Canal\06 Vídeo Aula Engenharia Eletrônica\Vídeo Aula 301 a 400 __ FASE 4\Vídeo Aula 372 - LCD 4 bits com PIC Assembly sem Biblioteca __ 02-04-2021\vAula372_WR_Files\lcd4bits.asm
                   a600us   0x000067    program     static C:\You Tube - Meu Canal\06 Vídeo Aula Engenharia Eletrônica\Vídeo Aula 301 a 400 __ FASE 4\Vídeo Aula 372 - LCD 4 bits com PIC Assembly sem Biblioteca __ 02-04-2021\vAula372_WR_Files\lcd4bits.asm


